INFO 2018-04-10 15:04:56,540 - Database in a csv folder: C:\Users\hy.amanieu\.bokeh\data
INFO 2018-04-10 15:04:56,559 - layout created
INFO 2018-04-10 15:04:56,561 - layout added to document
